OK   nll_beta k1 s0
OK   nll_beta k1 s1
OK   nll_beta k1 s2
OK   nll_beta k4 s0
OK   nll_beta k4 s1
OK   nll_beta k4 s2
OK   nll_beta k12 s0
OK   nll_beta k12 s1
OK   nll_beta k12 s2
OK   mse_mmd_baseline k1 s0
OK   mse_mmd_baseline k1 s1
OK   mse_mmd_baseline k1 s2
OK   mse_mmd_baseline k4 s0
OK   mse_mmd_baseline k4 s1
OK   mse_mmd_baseline k4 s2
OK   mse_mmd_baseline k12 s0
OK   mse_mmd_baseline k12 s1
OK   mse_mmd_baseline k12 s2
TRAIN DONE
AGG EXIT 0
  mse_mmd_baseline  6h s0  incrR2=-1.431 det/noise std=1.73/0.94 cover95=0.50
  mse_mmd_baseline  6h s1  incrR2=-0.234 det/noise std=0.82/0.39 cover95=0.31
  mse_mmd_baseline  6h s2  incrR2=-1.040 det/noise std=1.35/0.98 cover95=0.64
  mse_mmd_baseline 30m s0  incrR2=-0.000 det/noise std=0.20/0.06 cover95=0.12
  mse_mmd_baseline 30m s1  incrR2=0.009 det/noise std=0.18/0.03 cover95=0.06
  mse_mmd_baseline 30m s2  incrR2=0.003 det/noise std=0.18/0.04 cover95=0.10
  mse_mmd_baseline  2h s0  incrR2=-0.030 det/noise std=0.41/0.15 cover95=0.21
  mse_mmd_baseline  2h s1  incrR2=-0.003 det/noise std=0.33/0.07 cover95=0.09
  mse_mmd_baseline  2h s2  incrR2=-0.017 det/noise std=0.38/0.07 cover95=0.12
  nll_beta          6h s0  incrR2=-0.466 det/noise std=1.02/1.91 cover95=0.90
  nll_beta          6h s1  incrR2=-0.059 det/noise std=0.69/1.33 cover95=0.91
  nll_beta          6h s2  incrR2=-0.582 det/noise std=1.14/9.61 cover95=1.00
  nll_beta         30m s0  incrR2=-0.008 det/noise std=0.18/1.43 cover95=0.94
  nll_beta         30m s1  incrR2=0.006 det/noise std=0.13/1.35 cover95=0.93
  nll_beta         30m s2  incrR2=-0.007 det/noise std=0.15/1.48 cover95=0.94
  nll_beta          2h s0  incrR2=-0.025 det/noise std=0.42/1.33 cover95=0.94
  nll_beta          2h s1  incrR2=-0.010 det/noise std=0.31/1.36 cover95=0.93
  nll_beta          2h s2  incrR2=-0.085 det/noise std=0.50/1.62 cover95=0.95

================ NLL dt-sweep summary (mean over seeds) ================
          method gap  k  incr_R2  level_R2  std_det  std_noise  det_frac  cover95  calib_ratio
mse_mmd_baseline 30m  1    0.004     0.689    0.185      0.042     0.015    0.090       58.323
mse_mmd_baseline  2h  4   -0.016     0.612    0.372      0.095     0.056    0.136       28.145
mse_mmd_baseline  6h 12   -0.901     0.248    1.302      0.767     1.030    0.482        3.744
        nll_beta 30m  1   -0.003     0.687    0.156      1.420     0.011    0.935        1.256
        nll_beta  2h  4   -0.040     0.603    0.410      1.437     0.070    0.940        1.255
        nll_beta  6h 12   -0.369     0.458    0.949      4.280     0.526    0.937        0.761

det_frac = predictable variance share of the increment (physics+residual).
Expect det_frac / incr_R2 to RISE and std_noise to fall (relative) as the gap grows;
cover95 should stay ~0.9-0.95 (calibration holds across horizons).

wrote /home/cognitia/Desktop/Work/PhD/WienerNet/outputs/nll_dt_sweep/nll_dt_long.csv and /home/cognitia/Desktop/Work/PhD/WienerNet/outputs/nll_dt_sweep/nll_dt_summary.csv
ALL DONE
