OK   ae/k1_s0
OK   ae/k1_s1
OK   ae/k1_s2
OK   ae/k2_s0
OK   ae/k2_s1
OK   ae/k2_s2
OK   ae/k4_s0
OK   ae/k4_s1
OK   ae/k4_s2
OK   inc_nonresidual/k1_s0
OK   inc_nonresidual/k1_s1
OK   inc_nonresidual/k1_s2
OK   inc_nonresidual/k2_s0
OK   inc_nonresidual/k2_s1
OK   inc_nonresidual/k2_s2
OK   inc_nonresidual/k4_s0
OK   inc_nonresidual/k4_s1
OK   inc_nonresidual/k4_s2
OK   inc_reg/k1_s0
OK   inc_reg/k1_s1
OK   inc_reg/k1_s2
OK   inc_reg/k2_s0
OK   inc_reg/k2_s1
OK   inc_reg/k2_s2
OK   inc_reg/k4_s0
OK   inc_reg/k4_s1
OK   inc_reg/k4_s2
OK   inc_residual/k1_s0
OK   inc_residual/k1_s1
OK   inc_residual/k1_s2
OK   inc_residual/k2_s0
OK   inc_residual/k2_s1
OK   inc_residual/k2_s2
OK   inc_residual/k4_s0
OK   inc_residual/k4_s1
OK   inc_residual/k4_s2
OK   rf/k1_s0
OK   rf/k1_s1
OK   rf/k1_s2
OK   rf/k2_s0
OK   rf/k2_s1
OK   rf/k2_s2
OK   rf/k4_s0
OK   rf/k4_s1
OK   rf/k4_s2
OK   vae/k1_s0
OK   vae/k1_s1
OK   vae/k1_s2
OK   vae/k2_s0
OK   vae/k2_s1
OK   vae/k2_s2
OK   vae/k4_s0
OK   vae/k4_s1
OK   vae/k4_s2
OK   wnet_piae_fix/k1_s0
OK   wnet_piae_fix/k1_s1
OK   wnet_piae_fix/k1_s2
OK   wnet_piae_fix/k2_s0
OK   wnet_piae_fix/k2_s1
OK   wnet_piae_fix/k2_s2
OK   wnet_piae_fix/k4_s0
OK   wnet_piae_fix/k4_s1
OK   wnet_piae_fix/k4_s2
OK   wnet_piae_nofix/k1_s0
OK   wnet_piae_nofix/k1_s1
OK   wnet_piae_nofix/k1_s2
OK   wnet_piae_nofix/k2_s0
OK   wnet_piae_nofix/k2_s1
OK   wnet_piae_nofix/k2_s2
OK   wnet_piae_nofix/k4_s0
OK   wnet_piae_nofix/k4_s1
OK   wnet_piae_nofix/k4_s2
OK   wnet_piaereg_fix/k1_s0
OK   wnet_piaereg_fix/k1_s1
OK   wnet_piaereg_fix/k1_s2
OK   wnet_piaereg_fix/k2_s0
OK   wnet_piaereg_fix/k2_s1
OK   wnet_piaereg_fix/k2_s2
OK   wnet_piaereg_fix/k4_s0
OK   wnet_piaereg_fix/k4_s1
OK   wnet_piaereg_fix/k4_s2
OK   wnet_piaereg_nofix/k1_s0
OK   wnet_piaereg_nofix/k1_s1
OK   wnet_piaereg_nofix/k1_s2
OK   wnet_piaereg_nofix/k2_s0
OK   wnet_piaereg_nofix/k2_s1
OK   wnet_piaereg_nofix/k2_s2
OK   wnet_piaereg_nofix/k4_s0
OK   wnet_piaereg_nofix/k4_s1
OK   wnet_piaereg_nofix/k4_s2
OK   wnet_pivae_fix/k1_s0
OK   wnet_pivae_fix/k1_s1
OK   wnet_pivae_fix/k1_s2
OK   wnet_pivae_fix/k2_s0
OK   wnet_pivae_fix/k2_s1
OK   wnet_pivae_fix/k2_s2
OK   wnet_pivae_fix/k4_s0
OK   wnet_pivae_fix/k4_s1
OK   wnet_pivae_fix/k4_s2
OK   wnet_pivae_nofix/k1_s0
OK   wnet_pivae_nofix/k1_s1
OK   wnet_pivae_nofix/k1_s2
OK   wnet_pivae_nofix/k2_s0
OK   wnet_pivae_nofix/k2_s1
OK   wnet_pivae_nofix/k2_s2
OK   wnet_pivae_nofix/k4_s0
OK   wnet_pivae_nofix/k4_s1
OK   wnet_pivae_nofix/k4_s2
OK   xgb/k1_s0
OK   xgb/k1_s1
OK   xgb/k1_s2
OK   xgb/k2_s0
OK   xgb/k2_s1
OK   xgb/k2_s2
OK   xgb/k4_s0
OK   xgb/k4_s1
OK   xgb/k4_s2

PLOTS DONE  ok=117 fail=0
