sweep: EPOCHS=120  KS=[1 2 4]  SEEDS=[0 1 2]  -> outputs/dt_sweep
OK   wnet_piae_nofix k1 s0
OK   wnet_piae_nofix k1 s1
OK   wnet_piae_nofix k1 s2
OK   wnet_piae_nofix k2 s0
OK   wnet_piae_nofix k2 s1
OK   wnet_piae_nofix k2 s2
OK   wnet_piae_nofix k4 s0
OK   wnet_piae_nofix k4 s1
OK   wnet_piae_nofix k4 s2
OK   wnet_piae_fix k1 s0
OK   wnet_piae_fix k1 s1
OK   wnet_piae_fix k1 s2
OK   wnet_piae_fix k2 s0
OK   wnet_piae_fix k2 s1
OK   wnet_piae_fix k2 s2
OK   wnet_piae_fix k4 s0
OK   wnet_piae_fix k4 s1
OK   wnet_piae_fix k4 s2
OK   wnet_piaereg_nofix k1 s0
OK   wnet_piaereg_nofix k1 s1
OK   wnet_piaereg_nofix k1 s2
OK   wnet_piaereg_nofix k2 s0
OK   wnet_piaereg_nofix k2 s1
OK   wnet_piaereg_nofix k2 s2
OK   wnet_piaereg_nofix k4 s0
OK   wnet_piaereg_nofix k4 s1
OK   wnet_piaereg_nofix k4 s2
OK   wnet_piaereg_fix k1 s0
OK   wnet_piaereg_fix k1 s1
OK   wnet_piaereg_fix k1 s2
OK   wnet_piaereg_fix k2 s0
OK   wnet_piaereg_fix k2 s1
OK   wnet_piaereg_fix k2 s2
OK   wnet_piaereg_fix k4 s0
OK   wnet_piaereg_fix k4 s1
OK   wnet_piaereg_fix k4 s2
OK   wnet_pivae_nofix k1 s0
OK   wnet_pivae_nofix k1 s1
OK   wnet_pivae_nofix k1 s2
OK   wnet_pivae_nofix k2 s0
OK   wnet_pivae_nofix k2 s1
OK   wnet_pivae_nofix k2 s2
OK   wnet_pivae_nofix k4 s0
OK   wnet_pivae_nofix k4 s1
OK   wnet_pivae_nofix k4 s2
OK   wnet_pivae_fix k1 s0
OK   wnet_pivae_fix k1 s1
OK   wnet_pivae_fix k1 s2
OK   wnet_pivae_fix k2 s0
OK   wnet_pivae_fix k2 s1
OK   wnet_pivae_fix k2 s2
OK   wnet_pivae_fix k4 s0
OK   wnet_pivae_fix k4 s1
OK   wnet_pivae_fix k4 s2
OK   ae k1 s0
OK   ae k1 s1
OK   ae k1 s2
OK   ae k2 s0
OK   ae k2 s1
OK   ae k2 s2
OK   ae k4 s0
OK   ae k4 s1
OK   ae k4 s2
OK   vae k1 s0
OK   vae k1 s1
OK   vae k1 s2
OK   vae k2 s0
OK   vae k2 s1
OK   vae k2 s2
OK   vae k4 s0
OK   vae k4 s1
OK   vae k4 s2
OK   inc_residual k1 s0
OK   inc_residual k1 s1
OK   inc_residual k1 s2
OK   inc_residual k2 s0
OK   inc_residual k2 s1
OK   inc_residual k2 s2
OK   inc_residual k4 s0
OK   inc_residual k4 s1
OK   inc_residual k4 s2
OK   inc_nonresidual k1 s0
OK   inc_nonresidual k1 s1
OK   inc_nonresidual k1 s2
OK   inc_nonresidual k2 s0
OK   inc_nonresidual k2 s1
OK   inc_nonresidual k2 s2
OK   inc_nonresidual k4 s0
OK   inc_nonresidual k4 s1
OK   inc_nonresidual k4 s2
OK   inc_reg k1 s0
OK   inc_reg k1 s1
OK   inc_reg k1 s2
OK   inc_reg k2 s0
OK   inc_reg k2 s1
OK   inc_reg k2 s2
OK   inc_reg k4 s0
OK   inc_reg k4 s1
OK   inc_reg k4 s2
OK   rf k1 s0
OK   rf k1 s1
OK   rf k1 s2
OK   rf k2 s0
OK   rf k2 s1
OK   rf k2 s2
OK   rf k4 s0
OK   rf k4 s1
OK   rf k4 s2
OK   xgb k1 s0
OK   xgb k1 s1
OK   xgb k1 s2
OK   xgb k2 s0
OK   xgb k2 s1
OK   xgb k2 s2
OK   xgb k4 s0
OK   xgb k4 s1
OK   xgb k4 s2
SWEEP DONE
